// Jest Snapshot v1, https://goo.gl/fbAQLP

exports[`I can take a snapshot of an arbitrary string 1`] = `
"'on':
  pull_request:
    branches-ignore:
      - foo
      - bar
    tags:
      - wow
  push:
    branches:
      - main
  release: null
name: My Sample Workflow
jobs:
  say-hello:
    runsOn: ubuntu-latest
    steps:
      - run: echo \\"hello, world\\"
"
`;
